c:\users\trela\desktop\projekt pk 4\studenci-z-aei\studenci-z-aei\studenci-z-aei\x64\debug\vc143.pdb
c:\users\trela\desktop\projekt pk 4\studenci-z-aei\studenci-z-aei\studenci-z-aei\x64\debug\vc143.idb
c:\users\trela\desktop\projekt pk 4\studenci-z-aei\studenci-z-aei\studenci-z-aei\x64\debug\simplebutton.obj
c:\users\trela\desktop\projekt pk 4\studenci-z-aei\studenci-z-aei\studenci-z-aei\x64\debug\playerui.obj
c:\users\trela\desktop\projekt pk 4\studenci-z-aei\studenci-z-aei\studenci-z-aei\x64\debug\menu.obj
c:\users\trela\desktop\projekt pk 4\studenci-z-aei\studenci-z-aei\studenci-z-aei\x64\debug\knight.obj
c:\users\trela\desktop\projekt pk 4\studenci-z-aei\studenci-z-aei\studenci-z-aei\x64\debug\hextile.obj
c:\users\trela\desktop\projekt pk 4\studenci-z-aei\studenci-z-aei\studenci-z-aei\x64\debug\buildable.obj
c:\users\trela\desktop\projekt pk 4\studenci-z-aei\studenci-z-aei\studenci-z-aei\x64\debug\board.obj
c:\users\trela\desktop\projekt pk 4\studenci-z-aei\studenci-z-aei\studenci-z-aei\x64\debug\trade.obj
c:\users\trela\desktop\projekt pk 4\studenci-z-aei\studenci-z-aei\studenci-z-aei\x64\debug\studenci-z-aei.obj
c:\users\trela\desktop\projekt pk 4\studenci-z-aei\studenci-z-aei\studenci-z-aei\x64\debug\menago.obj
c:\users\trela\desktop\projekt pk 4\studenci-z-aei\studenci-z-aei\studenci-z-aei\x64\debug\game.obj
c:\users\trela\desktop\projekt pk 4\studenci-z-aei\studenci-z-aei\studenci-z-aei\x64\debug\cards.obj
c:\users\trela\desktop\projekt pk 4\studenci-z-aei\studenci-z-aei\studenci-z-aei\x64\debug\turnmanager.obj
c:\users\trela\desktop\projekt pk 4\studenci-z-aei\studenci-z-aei\studenci-z-aei\x64\debug\resource.obj
c:\users\trela\desktop\projekt pk 4\studenci-z-aei\studenci-z-aei\studenci-z-aei\x64\debug\logs.obj
c:\users\trela\desktop\projekt pk 4\studenci-z-aei\studenci-z-aei\studenci-z-aei\x64\debug\bank.obj
c:\users\trela\desktop\projekt pk\walgierd\studenci-z-aei\studenci-z-aei\studenci-z-aei\x64\debug\vc143.pdb
c:\users\trela\desktop\projekt pk\walgierd\studenci-z-aei\studenci-z-aei\studenci-z-aei\x64\debug\vc143.idb
c:\users\trela\desktop\projekt pk\walgierd\studenci-z-aei\studenci-z-aei\studenci-z-aei\x64\debug\turnmanager.obj
c:\users\trela\desktop\projekt pk\walgierd\studenci-z-aei\studenci-z-aei\studenci-z-aei\x64\debug\trade.obj
c:\users\trela\desktop\projekt pk\walgierd\studenci-z-aei\studenci-z-aei\studenci-z-aei\x64\debug\studenci-z-aei.obj
c:\users\trela\desktop\projekt pk\walgierd\studenci-z-aei\studenci-z-aei\studenci-z-aei\x64\debug\simplebutton.obj
c:\users\trela\desktop\projekt pk\walgierd\studenci-z-aei\studenci-z-aei\studenci-z-aei\x64\debug\resource.obj
c:\users\trela\desktop\projekt pk\walgierd\studenci-z-aei\studenci-z-aei\studenci-z-aei\x64\debug\playerui.obj
c:\users\trela\desktop\projekt pk\walgierd\studenci-z-aei\studenci-z-aei\studenci-z-aei\x64\debug\menu.obj
c:\users\trela\desktop\projekt pk\walgierd\studenci-z-aei\studenci-z-aei\studenci-z-aei\x64\debug\menago.obj
c:\users\trela\desktop\projekt pk\walgierd\studenci-z-aei\studenci-z-aei\studenci-z-aei\x64\debug\logs.obj
c:\users\trela\desktop\projekt pk\walgierd\studenci-z-aei\studenci-z-aei\studenci-z-aei\x64\debug\knight.obj
c:\users\trela\desktop\projekt pk\walgierd\studenci-z-aei\studenci-z-aei\studenci-z-aei\x64\debug\hextile.obj
c:\users\trela\desktop\projekt pk\walgierd\studenci-z-aei\studenci-z-aei\studenci-z-aei\x64\debug\game.obj
c:\users\trela\desktop\projekt pk\walgierd\studenci-z-aei\studenci-z-aei\studenci-z-aei\x64\debug\cards.obj
c:\users\trela\desktop\projekt pk\walgierd\studenci-z-aei\studenci-z-aei\studenci-z-aei\x64\debug\buildable.obj
c:\users\trela\desktop\projekt pk\walgierd\studenci-z-aei\studenci-z-aei\studenci-z-aei\x64\debug\board.obj
c:\users\trela\desktop\projekt pk\walgierd\studenci-z-aei\studenci-z-aei\studenci-z-aei\x64\debug\bank.obj
c:\users\trela\desktop\projekt pk 4\studenci-z-aei\studenci-z-aei\x64\debug\studenci-z-aei.exe
c:\users\trela\desktop\projekt pk 4\studenci-z-aei\studenci-z-aei\x64\debug\studenci-z-aei.pdb
c:\users\trela\desktop\projekt pk 4\studenci-z-aei\studenci-z-aei\studenci-z-aei\x64\debug\studenci-z-aei.ilk
c:\users\trela\desktop\projekt pk\walgierd\studenci-z-aei\studenci-z-aei\studenci-z-aei\x64\debug\board.obj.enc
c:\users\trela\desktop\projekt pk\walgierd\studenci-z-aei\studenci-z-aei\x64\debug\studenci-z-aei.pdb
c:\users\trela\desktop\projekt pk\walgierd\studenci-z-aei\studenci-z-aei\studenci-z-aei\x64\debug\studenci-z-aei.tlog\cl.command.1.tlog
c:\users\trela\desktop\projekt pk\walgierd\studenci-z-aei\studenci-z-aei\studenci-z-aei\x64\debug\studenci-z-aei.tlog\cl.items.tlog
c:\users\trela\desktop\projekt pk\walgierd\studenci-z-aei\studenci-z-aei\studenci-z-aei\x64\debug\studenci-z-aei.tlog\cl.read.1.tlog
c:\users\trela\desktop\projekt pk\walgierd\studenci-z-aei\studenci-z-aei\studenci-z-aei\x64\debug\studenci-z-aei.tlog\cl.write.1.tlog
c:\users\trela\desktop\projekt pk\walgierd\studenci-z-aei\studenci-z-aei\studenci-z-aei\x64\debug\studenci-z-aei.tlog\link.command.1.tlog
c:\users\trela\desktop\projekt pk\walgierd\studenci-z-aei\studenci-z-aei\studenci-z-aei\x64\debug\studenci-z-aei.tlog\link.read.1.tlog
c:\users\trela\desktop\projekt pk\walgierd\studenci-z-aei\studenci-z-aei\studenci-z-aei\x64\debug\studenci-z-aei.tlog\link.secondary.1.tlog
c:\users\trela\desktop\projekt pk\walgierd\studenci-z-aei\studenci-z-aei\studenci-z-aei\x64\debug\studenci-z-aei.tlog\link.write.1.tlog
